2021-05-03 09:56:34,939 Opening Browser 
2021-05-03 09:56:35,032 FAIL	Login		4	2	Navigating to URL illlc,JVmN3EKmUa


 
