2021-05-03 09:56:34,407 PASS	Login		2	2	Database set: jdbc:mysql://localhost:3306/bank,a,1	 
2021-05-03 09:56:34,939 PASS	Login		3	2	Truncating tables: LoginAttempt,gtSplit	 
2021-05-03 09:56:35,032 FAIL	Login		4	2	Navigating to URL illlc,JVmN3EKmUa	 
